// Jest Snapshot v1, https://goo.gl/fbAQLP

exports[`DashboardNav component renders the UI as expected 1`] = `
<div
  className="DashboardNav, group"
>
  <div
    className="item addMemberBtn navbtndiv"
  >
    <a
      href="/addmember"
      onClick={[Function]}
    >
      <button
        className="navbtn"
      >
        Add Team Member
      </button>
    </a>
  </div>
  <div
    className="item"
  >
    <h1>
      EasyCal
    </h1>
  </div>
  <div
    className="item navbtndiv"
  >
    <a
      href="/account"
      onClick={[Function]}
    >
      <button
        className="navbtn"
      >
        Account
      </button>
    </a>
  </div>
</div>
`;
