// Jest Snapshot v1, https://goo.gl/fbAQLP

exports[`ChangePassword component renders the UI as expected 1`] = `
<div
  className="changepassword, greetgroup"
>
  <div
    className="item"
  >
    <h2>
      Change Your Password
    </h2>
  </div>
  <div
    className="item"
  >
    <form
      className="change-password-form"
      onSubmit={[Function]}
    >
      <div>
        <label
          htmlFor="newpassword"
        >
          New Password
        </label>
        <input
          id="newpassword"
          name="newpassword"
          type="password"
        />
      </div>
      <div>
        <label
          htmlFor="newpasswordagain"
        >
          Confirm Password
        </label>
        <input
          id="newpassword2"
          name="newpassword2"
          type="password"
        />
      </div>
      <button
        type="submit"
      >
        Change Password
      </button>
    </form>
  </div>
</div>
`;
