// Jest Snapshot v1, https://goo.gl/fbAQLP

exports[`LoginNav component renders the UI as expected 1`] = `
<div
  className="LoginNav, group"
>
  <div
    className="item"
  />
  <div
    className="item"
  >
    <h1>
      EasyCal
    </h1>
  </div>
  <div
    className="item navbtndiv"
  >
    <a
      href="/signup"
      onClick={[Function]}
    >
       
      <button
        className="navbtn"
      >
        Sign Up
      </button>
       
    </a>
  </div>
</div>
`;
